[debug] [2021-01-06T03:19:53.798Z] ----------------------------------------------------------------------
[debug] [2021-01-06T03:19:53.799Z] Command:       /usr/local/bin/firebase /Users/jitkoff/.cache/firebase/tools/lib/node_modules/firebase-tools/lib/bin/firebase serve
[debug] [2021-01-06T03:19:53.800Z] CLI Version:   9.1.0
[debug] [2021-01-06T03:19:53.800Z] Platform:      darwin
[debug] [2021-01-06T03:19:53.800Z] Node Version:  v12.18.1
[debug] [2021-01-06T03:19:53.804Z] Time:          Tue Jan 05 2021 19:19:53 GMT-0800 (Pacific Standard Time)
[debug] [2021-01-06T03:19:53.804Z] ----------------------------------------------------------------------
[debug] [2021-01-06T03:19:53.804Z] 
[debug] [2021-01-06T03:19:53.811Z] > command requires scopes: ["email","openid","https://www.googleapis.com/auth/cloudplatformprojects.readonly","https://www.googleapis.com/auth/firebase","https://www.googleapis.com/auth/cloud-platform"]
[debug] [2021-01-06T03:19:53.812Z] > authorizing via signed-in user
[debug] [2021-01-06T03:19:53.812Z] [iam] checking project puzzlebox-app for permissions ["firebase.projects.get"]
[debug] [2021-01-06T03:19:53.815Z] >>> HTTP REQUEST POST https://cloudresourcemanager.googleapis.com/v1/projects/puzzlebox-app:testIamPermissions  
 {"permissions":["firebase.projects.get"]}
[debug] [2021-01-06T03:19:53.964Z] <<< HTTP RESPONSE 200 {"content-type":"application/json; charset=UTF-8","vary":"X-Origin, Referer, Origin,Accept-Encoding","date":"Wed, 06 Jan 2021 03:19:53 GMT","server":"ESF","cache-control":"private","x-xss-protection":"0","x-frame-options":"SAMEORIGIN","x-content-type-options":"nosniff","server-timing":"gfet4t7; dur=48","alt-svc":"h3-29=\":443\"; ma=2592000,h3-T051=\":443\"; ma=2592000,h3-Q050=\":443\"; ma=2592000,h3-Q046=\":443\"; ma=2592000,h3-Q043=\":443\"; ma=2592000,quic=\":443\"; ma=2592000; v=\"46,43\"","accept-ranges":"none","transfer-encoding":"chunked"}
[debug] [2021-01-06T03:19:53.966Z] >>> HTTP REQUEST GET https://firebase.googleapis.com/v1beta1/projects/puzzlebox-app  
 
[debug] [2021-01-06T03:19:54.138Z] <<< HTTP RESPONSE 200 {"content-type":"application/json; charset=UTF-8","vary":"X-Origin, Referer, Origin,Accept-Encoding","date":"Wed, 06 Jan 2021 03:19:54 GMT","server":"ESF","cache-control":"private","x-xss-protection":"0","x-frame-options":"SAMEORIGIN","x-content-type-options":"nosniff","alt-svc":"h3-29=\":443\"; ma=2592000,h3-T051=\":443\"; ma=2592000,h3-Q050=\":443\"; ma=2592000,h3-Q046=\":443\"; ma=2592000,h3-Q043=\":443\"; ma=2592000,quic=\":443\"; ma=2592000; v=\"46,43\"","accept-ranges":"none","transfer-encoding":"chunked"}
[info] 
[info] === Serving from '/Users/jitkoff/Dropbox/Repo/tiny.gifts'...
[info] 
[debug] [2021-01-06T03:19:54.142Z] >>> HTTP REQUEST GET https://firebase.googleapis.com/v1beta1/projects/puzzlebox-app/webApps/-/config  
 
[info] ✔  functions: Using node@12 from host. {"metadata":{"emulator":{"name":"functions"},"message":"Using node@12 from host."}}
[debug] [2021-01-06T03:19:54.156Z] defaultcredentials: writing to file /Users/jitkoff/.config/firebase/nicholas_jitkoff_com_application_default_credentials.json
[debug] [2021-01-06T03:19:54.158Z] Setting GAC to /Users/jitkoff/.config/firebase/nicholas_jitkoff_com_application_default_credentials.json {"metadata":{"emulator":{"name":"functions"},"message":"Setting GAC to /Users/jitkoff/.config/firebase/nicholas_jitkoff_com_application_default_credentials.json"}}
[debug] [2021-01-06T03:19:54.591Z] <<< HTTP RESPONSE 200 {"content-type":"application/json; charset=UTF-8","vary":"X-Origin, Referer, Origin,Accept-Encoding","date":"Wed, 06 Jan 2021 03:19:54 GMT","server":"ESF","cache-control":"private","x-xss-protection":"0","x-frame-options":"SAMEORIGIN","x-content-type-options":"nosniff","alt-svc":"h3-29=\":443\"; ma=2592000,h3-T051=\":443\"; ma=2592000,h3-Q050=\":443\"; ma=2592000,h3-Q046=\":443\"; ma=2592000,h3-Q043=\":443\"; ma=2592000,quic=\":443\"; ma=2592000; v=\"46,43\"","accept-ranges":"none","transfer-encoding":"chunked"}
[info] i  functions: Watching "/Users/jitkoff/Dropbox/Repo/tiny.gifts/functions" for Cloud Functions... {"metadata":{"emulator":{"name":"functions"},"message":"Watching \"/Users/jitkoff/Dropbox/Repo/tiny.gifts/functions\" for Cloud Functions..."}}
[debug] [2021-01-06T03:19:54.644Z] [worker-pool] addWorker(~diagnostic~) {"metadata":{"emulator":{"name":"functions"},"message":"[worker-pool] addWorker(~diagnostic~)"}}
[debug] [2021-01-06T03:19:54.644Z] [worker-pool] Adding worker with key ~diagnostic~, total=1 {"metadata":{"emulator":{"name":"functions"},"message":"[worker-pool] Adding worker with key ~diagnostic~, total=1"}}
[debug] [2021-01-06T03:19:54.645Z] [worker-pool] submitWork(triggerId=) {"metadata":{"emulator":{"name":"functions"},"message":"[worker-pool] submitWork(triggerId=)"}}
[debug] [2021-01-06T03:19:54.645Z] [worker-~diagnostic~-de0170fb-b258-4f48-a14f-8508d06a52e3]: Assigning socketPath: /var/folders/sx/423d1jbn7g9fn5n_ljw212q80000gn/T/fire_emu_5303.sock {"metadata":{"emulator":{"name":"functions"},"message":"[worker-~diagnostic~-de0170fb-b258-4f48-a14f-8508d06a52e3]: Assigning socketPath: /var/folders/sx/423d1jbn7g9fn5n_ljw212q80000gn/T/fire_emu_5303.sock"}}
[debug] [2021-01-06T03:19:54.645Z] [worker-~diagnostic~-de0170fb-b258-4f48-a14f-8508d06a52e3]: BUSY {"metadata":{"emulator":{"name":"functions"},"message":"[worker-~diagnostic~-de0170fb-b258-4f48-a14f-8508d06a52e3]: BUSY"}}
[info] i  hosting: Serving hosting files from: public {"metadata":{"emulator":{"name":"hosting"},"message":"Serving hosting files from: \u001b[1mpublic\u001b[22m"}}
[info] ✔  hosting: Local server: http://localhost:5000 {"metadata":{"emulator":{"name":"hosting"},"message":"Local server: \u001b[4m\u001b[1mhttp://localhost:5000\u001b[22m\u001b[24m"}}
[debug] [2021-01-06T03:19:54.823Z] [runtime-status] [5303] Functions runtime initialized. {"cwd":"/Users/jitkoff/Dropbox/Repo/tiny.gifts/functions","node_version":"12.18.1"} {"metadata":{"emulator":{"name":"functions"},"message":"[runtime-status] [5303] Functions runtime initialized. {\"cwd\":\"/Users/jitkoff/Dropbox/Repo/tiny.gifts/functions\",\"node_version\":\"12.18.1\"}"}}
[debug] [2021-01-06T03:19:54.824Z] [runtime-status] [5303] Disabled runtime features: undefined {"metadata":{"emulator":{"name":"functions"},"message":"[runtime-status] [5303] Disabled runtime features: undefined"}}
[debug] [2021-01-06T03:19:54.825Z] [runtime-status] [5303] Resolved module firebase-admin {"declared":true,"installed":true,"version":"9.4.2","resolution":"/Users/jitkoff/Dropbox/Repo/tiny.gifts/functions/node_modules/firebase-admin/lib/index.js"} {"metadata":{"emulator":{"name":"functions"},"message":"[runtime-status] [5303] Resolved module firebase-admin {\"declared\":true,\"installed\":true,\"version\":\"9.4.2\",\"resolution\":\"/Users/jitkoff/Dropbox/Repo/tiny.gifts/functions/node_modules/firebase-admin/lib/index.js\"}"}}
[debug] [2021-01-06T03:19:54.826Z] [runtime-status] [5303] Resolved module firebase-functions {"declared":true,"installed":true,"version":"3.13.0","resolution":"/Users/jitkoff/Dropbox/Repo/tiny.gifts/functions/node_modules/firebase-functions/lib/index.js"} {"metadata":{"emulator":{"name":"functions"},"message":"[runtime-status] [5303] Resolved module firebase-functions {\"declared\":true,\"installed\":true,\"version\":\"3.13.0\",\"resolution\":\"/Users/jitkoff/Dropbox/Repo/tiny.gifts/functions/node_modules/firebase-functions/lib/index.js\"}"}}
[debug] [2021-01-06T03:19:54.826Z] [runtime-status] [5303] Resolved module firebase-functions {"declared":true,"installed":true,"version":"3.13.0","resolution":"/Users/jitkoff/Dropbox/Repo/tiny.gifts/functions/node_modules/firebase-functions/lib/index.js"} {"metadata":{"emulator":{"name":"functions"},"message":"[runtime-status] [5303] Resolved module firebase-functions {\"declared\":true,\"installed\":true,\"version\":\"3.13.0\",\"resolution\":\"/Users/jitkoff/Dropbox/Repo/tiny.gifts/functions/node_modules/firebase-functions/lib/index.js\"}"}}
[debug] [2021-01-06T03:19:54.827Z] [runtime-status] [5303] Outgoing network have been stubbed. [{"name":"http","status":"mocked"},{"name":"http","status":"mocked"},{"name":"https","status":"mocked"},{"name":"https","status":"mocked"},{"name":"net","status":"mocked"}] {"metadata":{"emulator":{"name":"functions"},"message":"[runtime-status] [5303] Outgoing network have been stubbed. [{\"name\":\"http\",\"status\":\"mocked\"},{\"name\":\"http\",\"status\":\"mocked\"},{\"name\":\"https\",\"status\":\"mocked\"},{\"name\":\"https\",\"status\":\"mocked\"},{\"name\":\"net\",\"status\":\"mocked\"}]"}}
[debug] [2021-01-06T03:19:54.827Z] [runtime-status] [5303] Resolved module firebase-functions {"declared":true,"installed":true,"version":"3.13.0","resolution":"/Users/jitkoff/Dropbox/Repo/tiny.gifts/functions/node_modules/firebase-functions/lib/index.js"} {"metadata":{"emulator":{"name":"functions"},"message":"[runtime-status] [5303] Resolved module firebase-functions {\"declared\":true,\"installed\":true,\"version\":\"3.13.0\",\"resolution\":\"/Users/jitkoff/Dropbox/Repo/tiny.gifts/functions/node_modules/firebase-functions/lib/index.js\"}"}}
[debug] [2021-01-06T03:19:54.867Z] [runtime-status] [5303] Checked functions.config() {"config":{}} {"metadata":{"emulator":{"name":"functions"},"message":"[runtime-status] [5303] Checked functions.config() {\"config\":{}}"}}
[debug] [2021-01-06T03:19:54.867Z] [runtime-status] [5303] firebase-functions has been stubbed. {"functionsResolution":{"declared":true,"installed":true,"version":"3.13.0","resolution":"/Users/jitkoff/Dropbox/Repo/tiny.gifts/functions/node_modules/firebase-functions/lib/index.js"}} {"metadata":{"emulator":{"name":"functions"},"message":"[runtime-status] [5303] firebase-functions has been stubbed. {\"functionsResolution\":{\"declared\":true,\"installed\":true,\"version\":\"3.13.0\",\"resolution\":\"/Users/jitkoff/Dropbox/Repo/tiny.gifts/functions/node_modules/firebase-functions/lib/index.js\"}}"}}
[debug] [2021-01-06T03:19:54.868Z] [runtime-status] [5303] Resolved module firebase-functions {"declared":true,"installed":true,"version":"3.13.0","resolution":"/Users/jitkoff/Dropbox/Repo/tiny.gifts/functions/node_modules/firebase-functions/lib/index.js"} {"metadata":{"emulator":{"name":"functions"},"message":"[runtime-status] [5303] Resolved module firebase-functions {\"declared\":true,\"installed\":true,\"version\":\"3.13.0\",\"resolution\":\"/Users/jitkoff/Dropbox/Repo/tiny.gifts/functions/node_modules/firebase-functions/lib/index.js\"}"}}
[debug] [2021-01-06T03:19:54.868Z] [runtime-status] [5303] Resolved module firebase-admin {"declared":true,"installed":true,"version":"9.4.2","resolution":"/Users/jitkoff/Dropbox/Repo/tiny.gifts/functions/node_modules/firebase-admin/lib/index.js"} {"metadata":{"emulator":{"name":"functions"},"message":"[runtime-status] [5303] Resolved module firebase-admin {\"declared\":true,\"installed\":true,\"version\":\"9.4.2\",\"resolution\":\"/Users/jitkoff/Dropbox/Repo/tiny.gifts/functions/node_modules/firebase-admin/lib/index.js\"}"}}
[debug] [2021-01-06T03:19:54.868Z] [runtime-status] [5303] Resolved module firebase-functions {"declared":true,"installed":true,"version":"3.13.0","resolution":"/Users/jitkoff/Dropbox/Repo/tiny.gifts/functions/node_modules/firebase-functions/lib/index.js"} {"metadata":{"emulator":{"name":"functions"},"message":"[runtime-status] [5303] Resolved module firebase-functions {\"declared\":true,\"installed\":true,\"version\":\"3.13.0\",\"resolution\":\"/Users/jitkoff/Dropbox/Repo/tiny.gifts/functions/node_modules/firebase-functions/lib/index.js\"}"}}
[debug] [2021-01-06T03:19:54.868Z] [runtime-status] [5303] firebase-admin has been stubbed. {"adminResolution":{"declared":true,"installed":true,"version":"9.4.2","resolution":"/Users/jitkoff/Dropbox/Repo/tiny.gifts/functions/node_modules/firebase-admin/lib/index.js"}} {"metadata":{"emulator":{"name":"functions"},"message":"[runtime-status] [5303] firebase-admin has been stubbed. {\"adminResolution\":{\"declared\":true,\"installed\":true,\"version\":\"9.4.2\",\"resolution\":\"/Users/jitkoff/Dropbox/Repo/tiny.gifts/functions/node_modules/firebase-admin/lib/index.js\"}}"}}
[warn] ⚠  Error: The module '/Users/jitkoff/Dropbox/Repo/tiny.gifts/functions/node_modules/canvas/build/Release/canvas.node'
was compiled against a different Node.js version using
NODE_MODULE_VERSION 83. This version of Node.js requires
NODE_MODULE_VERSION 72. Please try re-compiling or re-installing
the module (for instance, using `npm rebuild` or `npm install`).
    at Object.Module._extensions..node (internal/modules/cjs/loader.js:1186:18)
    at Module.load (internal/modules/cjs/loader.js:984:32)
    at Function.Module._load (internal/modules/cjs/loader.js:877:14)
    at Module.require (internal/modules/cjs/loader.js:1024:19)
    at Module.require (pkg/prelude/bootstrap.js:1225:31)
    at require (internal/modules/cjs/helpers.js:72:18)
    at Object.<anonymous> (/Users/jitkoff/Dropbox/Repo/tiny.gifts/functions/node_modules/canvas/lib/bindings.js:3:18)
    at Module._compile (internal/modules/cjs/loader.js:1136:30)
    at Module._compile (pkg/prelude/bootstrap.js:1281:32)
    at Object.Module._extensions..js (internal/modules/cjs/loader.js:1156:10) {"metadata":{"emulator":{"name":"functions"},"message":"Error: The module '/Users/jitkoff/Dropbox/Repo/tiny.gifts/functions/node_modules/canvas/build/Release/canvas.node'\nwas compiled against a different Node.js version using\nNODE_MODULE_VERSION 83. This version of Node.js requires\nNODE_MODULE_VERSION 72. Please try re-compiling or re-installing\nthe module (for instance, using `npm rebuild` or `npm install`).\n    at Object.Module._extensions..node (internal/modules/cjs/loader.js:1186:18)\n    at Module.load (internal/modules/cjs/loader.js:984:32)\n    at Function.Module._load (internal/modules/cjs/loader.js:877:14)\n    at Module.require (internal/modules/cjs/loader.js:1024:19)\n    at Module.require (pkg/prelude/bootstrap.js:1225:31)\n    at require (internal/modules/cjs/helpers.js:72:18)\n    at Object.<anonymous> (/Users/jitkoff/Dropbox/Repo/tiny.gifts/functions/node_modules/canvas/lib/bindings.js:3:18)\n    at Module._compile (internal/modules/cjs/loader.js:1136:30)\n    at Module._compile (pkg/prelude/bootstrap.js:1281:32)\n    at Object.Module._extensions..js (internal/modules/cjs/loader.js:1156:10)"}}
[warn] ⚠  We were unable to load your functions code. (see above) {"metadata":{"emulator":{"name":"functions"}}}
[debug] [2021-01-06T03:19:58.732Z] [worker-~diagnostic~-de0170fb-b258-4f48-a14f-8508d06a52e3]: exited {"metadata":{"emulator":{"name":"functions"},"message":"[worker-~diagnostic~-de0170fb-b258-4f48-a14f-8508d06a52e3]: exited"}}
[debug] [2021-01-06T03:19:58.732Z] [worker-~diagnostic~-de0170fb-b258-4f48-a14f-8508d06a52e3]: FINISHED {"metadata":{"emulator":{"name":"functions"},"message":"[worker-~diagnostic~-de0170fb-b258-4f48-a14f-8508d06a52e3]: FINISHED"}}
[debug] [2021-01-06T03:20:51.663Z] ----------------------------------------------------------------------
[debug] [2021-01-06T03:20:51.664Z] Command:       /usr/local/bin/firebase /Users/jitkoff/.cache/firebase/tools/lib/node_modules/firebase-tools/lib/bin/firebase serve
[debug] [2021-01-06T03:20:51.664Z] CLI Version:   9.1.0
[debug] [2021-01-06T03:20:51.664Z] Platform:      darwin
[debug] [2021-01-06T03:20:51.664Z] Node Version:  v12.18.1
[debug] [2021-01-06T03:20:51.665Z] Time:          Tue Jan 05 2021 19:20:51 GMT-0800 (Pacific Standard Time)
[debug] [2021-01-06T03:20:51.665Z] ----------------------------------------------------------------------
[debug] [2021-01-06T03:20:51.665Z] 
[debug] [2021-01-06T03:20:51.672Z] > command requires scopes: ["email","openid","https://www.googleapis.com/auth/cloudplatformprojects.readonly","https://www.googleapis.com/auth/firebase","https://www.googleapis.com/auth/cloud-platform"]
[debug] [2021-01-06T03:20:51.673Z] > authorizing via signed-in user
[debug] [2021-01-06T03:20:51.673Z] [iam] checking project puzzlebox-app for permissions ["firebase.projects.get"]
[debug] [2021-01-06T03:20:51.675Z] >>> HTTP REQUEST POST https://cloudresourcemanager.googleapis.com/v1/projects/puzzlebox-app:testIamPermissions  
 {"permissions":["firebase.projects.get"]}
[debug] [2021-01-06T03:20:51.803Z] <<< HTTP RESPONSE 200 {"content-type":"application/json; charset=UTF-8","vary":"X-Origin, Referer, Origin,Accept-Encoding","date":"Wed, 06 Jan 2021 03:20:51 GMT","server":"ESF","cache-control":"private","x-xss-protection":"0","x-frame-options":"SAMEORIGIN","x-content-type-options":"nosniff","server-timing":"gfet4t7; dur=51","alt-svc":"h3-29=\":443\"; ma=2592000,h3-T051=\":443\"; ma=2592000,h3-Q050=\":443\"; ma=2592000,h3-Q046=\":443\"; ma=2592000,h3-Q043=\":443\"; ma=2592000,quic=\":443\"; ma=2592000; v=\"46,43\"","accept-ranges":"none","transfer-encoding":"chunked"}
[debug] [2021-01-06T03:20:51.806Z] >>> HTTP REQUEST GET https://firebase.googleapis.com/v1beta1/projects/puzzlebox-app  
 
[debug] [2021-01-06T03:20:51.955Z] <<< HTTP RESPONSE 200 {"content-type":"application/json; charset=UTF-8","vary":"X-Origin, Referer, Origin,Accept-Encoding","date":"Wed, 06 Jan 2021 03:20:51 GMT","server":"ESF","cache-control":"private","x-xss-protection":"0","x-frame-options":"SAMEORIGIN","x-content-type-options":"nosniff","alt-svc":"h3-29=\":443\"; ma=2592000,h3-T051=\":443\"; ma=2592000,h3-Q050=\":443\"; ma=2592000,h3-Q046=\":443\"; ma=2592000,h3-Q043=\":443\"; ma=2592000,quic=\":443\"; ma=2592000; v=\"46,43\"","accept-ranges":"none","transfer-encoding":"chunked"}
[info] 
[info] === Serving from '/Users/jitkoff/Dropbox/Repo/tiny.gifts'...
[info] 
[debug] [2021-01-06T03:20:51.965Z] >>> HTTP REQUEST GET https://firebase.googleapis.com/v1beta1/projects/puzzlebox-app/webApps/-/config  
 
[info] ✔  functions: Using node@12 from host. {"metadata":{"emulator":{"name":"functions"},"message":"Using node@12 from host."}}
[debug] [2021-01-06T03:20:51.998Z] defaultcredentials: writing to file /Users/jitkoff/.config/firebase/nicholas_jitkoff_com_application_default_credentials.json
[debug] [2021-01-06T03:20:52.000Z] Setting GAC to /Users/jitkoff/.config/firebase/nicholas_jitkoff_com_application_default_credentials.json {"metadata":{"emulator":{"name":"functions"},"message":"Setting GAC to /Users/jitkoff/.config/firebase/nicholas_jitkoff_com_application_default_credentials.json"}}
[debug] [2021-01-06T03:20:52.518Z] <<< HTTP RESPONSE 200 {"content-type":"application/json; charset=UTF-8","vary":"X-Origin, Referer, Origin,Accept-Encoding","date":"Wed, 06 Jan 2021 03:20:52 GMT","server":"ESF","cache-control":"private","x-xss-protection":"0","x-frame-options":"SAMEORIGIN","x-content-type-options":"nosniff","alt-svc":"h3-29=\":443\"; ma=2592000,h3-T051=\":443\"; ma=2592000,h3-Q050=\":443\"; ma=2592000,h3-Q046=\":443\"; ma=2592000,h3-Q043=\":443\"; ma=2592000,quic=\":443\"; ma=2592000; v=\"46,43\"","accept-ranges":"none","transfer-encoding":"chunked"}
[info] i  functions: Watching "/Users/jitkoff/Dropbox/Repo/tiny.gifts/functions" for Cloud Functions... {"metadata":{"emulator":{"name":"functions"},"message":"Watching \"/Users/jitkoff/Dropbox/Repo/tiny.gifts/functions\" for Cloud Functions..."}}
[debug] [2021-01-06T03:20:52.617Z] [worker-pool] addWorker(~diagnostic~) {"metadata":{"emulator":{"name":"functions"},"message":"[worker-pool] addWorker(~diagnostic~)"}}
[debug] [2021-01-06T03:20:52.617Z] [worker-pool] Adding worker with key ~diagnostic~, total=1 {"metadata":{"emulator":{"name":"functions"},"message":"[worker-pool] Adding worker with key ~diagnostic~, total=1"}}
[debug] [2021-01-06T03:20:52.617Z] [worker-pool] submitWork(triggerId=) {"metadata":{"emulator":{"name":"functions"},"message":"[worker-pool] submitWork(triggerId=)"}}
[debug] [2021-01-06T03:20:52.618Z] [worker-~diagnostic~-976ac77d-2acc-43be-88a1-a2bfdb023427]: Assigning socketPath: /var/folders/sx/423d1jbn7g9fn5n_ljw212q80000gn/T/fire_emu_5370.sock {"metadata":{"emulator":{"name":"functions"},"message":"[worker-~diagnostic~-976ac77d-2acc-43be-88a1-a2bfdb023427]: Assigning socketPath: /var/folders/sx/423d1jbn7g9fn5n_ljw212q80000gn/T/fire_emu_5370.sock"}}
[debug] [2021-01-06T03:20:52.618Z] [worker-~diagnostic~-976ac77d-2acc-43be-88a1-a2bfdb023427]: BUSY {"metadata":{"emulator":{"name":"functions"},"message":"[worker-~diagnostic~-976ac77d-2acc-43be-88a1-a2bfdb023427]: BUSY"}}
[info] i  hosting: Serving hosting files from: public {"metadata":{"emulator":{"name":"hosting"},"message":"Serving hosting files from: \u001b[1mpublic\u001b[22m"}}
[info] ✔  hosting: Local server: http://localhost:5000 {"metadata":{"emulator":{"name":"hosting"},"message":"Local server: \u001b[4m\u001b[1mhttp://localhost:5000\u001b[22m\u001b[24m"}}
[debug] [2021-01-06T03:20:52.784Z] [runtime-status] [5370] Functions runtime initialized. {"cwd":"/Users/jitkoff/Dropbox/Repo/tiny.gifts/functions","node_version":"12.18.1"} {"metadata":{"emulator":{"name":"functions"},"message":"[runtime-status] [5370] Functions runtime initialized. {\"cwd\":\"/Users/jitkoff/Dropbox/Repo/tiny.gifts/functions\",\"node_version\":\"12.18.1\"}"}}
[debug] [2021-01-06T03:20:52.784Z] [runtime-status] [5370] Disabled runtime features: undefined {"metadata":{"emulator":{"name":"functions"},"message":"[runtime-status] [5370] Disabled runtime features: undefined"}}
[debug] [2021-01-06T03:20:52.795Z] [runtime-status] [5370] Resolved module firebase-admin {"declared":true,"installed":true,"version":"9.4.2","resolution":"/Users/jitkoff/Dropbox/Repo/tiny.gifts/functions/node_modules/firebase-admin/lib/index.js"} {"metadata":{"emulator":{"name":"functions"},"message":"[runtime-status] [5370] Resolved module firebase-admin {\"declared\":true,\"installed\":true,\"version\":\"9.4.2\",\"resolution\":\"/Users/jitkoff/Dropbox/Repo/tiny.gifts/functions/node_modules/firebase-admin/lib/index.js\"}"}}
[debug] [2021-01-06T03:20:52.796Z] [runtime-status] [5370] Resolved module firebase-functions {"declared":true,"installed":true,"version":"3.13.0","resolution":"/Users/jitkoff/Dropbox/Repo/tiny.gifts/functions/node_modules/firebase-functions/lib/index.js"} {"metadata":{"emulator":{"name":"functions"},"message":"[runtime-status] [5370] Resolved module firebase-functions {\"declared\":true,\"installed\":true,\"version\":\"3.13.0\",\"resolution\":\"/Users/jitkoff/Dropbox/Repo/tiny.gifts/functions/node_modules/firebase-functions/lib/index.js\"}"}}
[debug] [2021-01-06T03:20:52.796Z] [runtime-status] [5370] Resolved module firebase-functions {"declared":true,"installed":true,"version":"3.13.0","resolution":"/Users/jitkoff/Dropbox/Repo/tiny.gifts/functions/node_modules/firebase-functions/lib/index.js"} {"metadata":{"emulator":{"name":"functions"},"message":"[runtime-status] [5370] Resolved module firebase-functions {\"declared\":true,\"installed\":true,\"version\":\"3.13.0\",\"resolution\":\"/Users/jitkoff/Dropbox/Repo/tiny.gifts/functions/node_modules/firebase-functions/lib/index.js\"}"}}
[debug] [2021-01-06T03:20:52.797Z] [runtime-status] [5370] Outgoing network have been stubbed. [{"name":"http","status":"mocked"},{"name":"http","status":"mocked"},{"name":"https","status":"mocked"},{"name":"https","status":"mocked"},{"name":"net","status":"mocked"}] {"metadata":{"emulator":{"name":"functions"},"message":"[runtime-status] [5370] Outgoing network have been stubbed. [{\"name\":\"http\",\"status\":\"mocked\"},{\"name\":\"http\",\"status\":\"mocked\"},{\"name\":\"https\",\"status\":\"mocked\"},{\"name\":\"https\",\"status\":\"mocked\"},{\"name\":\"net\",\"status\":\"mocked\"}]"}}
[debug] [2021-01-06T03:20:52.798Z] [runtime-status] [5370] Resolved module firebase-functions {"declared":true,"installed":true,"version":"3.13.0","resolution":"/Users/jitkoff/Dropbox/Repo/tiny.gifts/functions/node_modules/firebase-functions/lib/index.js"} {"metadata":{"emulator":{"name":"functions"},"message":"[runtime-status] [5370] Resolved module firebase-functions {\"declared\":true,\"installed\":true,\"version\":\"3.13.0\",\"resolution\":\"/Users/jitkoff/Dropbox/Repo/tiny.gifts/functions/node_modules/firebase-functions/lib/index.js\"}"}}
[debug] [2021-01-06T03:20:52.839Z] [runtime-status] [5370] Checked functions.config() {"config":{}} {"metadata":{"emulator":{"name":"functions"},"message":"[runtime-status] [5370] Checked functions.config() {\"config\":{}}"}}
[debug] [2021-01-06T03:20:52.839Z] [runtime-status] [5370] firebase-functions has been stubbed. {"functionsResolution":{"declared":true,"installed":true,"version":"3.13.0","resolution":"/Users/jitkoff/Dropbox/Repo/tiny.gifts/functions/node_modules/firebase-functions/lib/index.js"}} {"metadata":{"emulator":{"name":"functions"},"message":"[runtime-status] [5370] firebase-functions has been stubbed. {\"functionsResolution\":{\"declared\":true,\"installed\":true,\"version\":\"3.13.0\",\"resolution\":\"/Users/jitkoff/Dropbox/Repo/tiny.gifts/functions/node_modules/firebase-functions/lib/index.js\"}}"}}
[debug] [2021-01-06T03:20:52.839Z] [runtime-status] [5370] Resolved module firebase-functions {"declared":true,"installed":true,"version":"3.13.0","resolution":"/Users/jitkoff/Dropbox/Repo/tiny.gifts/functions/node_modules/firebase-functions/lib/index.js"} {"metadata":{"emulator":{"name":"functions"},"message":"[runtime-status] [5370] Resolved module firebase-functions {\"declared\":true,\"installed\":true,\"version\":\"3.13.0\",\"resolution\":\"/Users/jitkoff/Dropbox/Repo/tiny.gifts/functions/node_modules/firebase-functions/lib/index.js\"}"}}
[debug] [2021-01-06T03:20:52.839Z] [runtime-status] [5370] Resolved module firebase-admin {"declared":true,"installed":true,"version":"9.4.2","resolution":"/Users/jitkoff/Dropbox/Repo/tiny.gifts/functions/node_modules/firebase-admin/lib/index.js"} {"metadata":{"emulator":{"name":"functions"},"message":"[runtime-status] [5370] Resolved module firebase-admin {\"declared\":true,\"installed\":true,\"version\":\"9.4.2\",\"resolution\":\"/Users/jitkoff/Dropbox/Repo/tiny.gifts/functions/node_modules/firebase-admin/lib/index.js\"}"}}
[debug] [2021-01-06T03:20:52.839Z] [runtime-status] [5370] Resolved module firebase-functions {"declared":true,"installed":true,"version":"3.13.0","resolution":"/Users/jitkoff/Dropbox/Repo/tiny.gifts/functions/node_modules/firebase-functions/lib/index.js"} {"metadata":{"emulator":{"name":"functions"},"message":"[runtime-status] [5370] Resolved module firebase-functions {\"declared\":true,\"installed\":true,\"version\":\"3.13.0\",\"resolution\":\"/Users/jitkoff/Dropbox/Repo/tiny.gifts/functions/node_modules/firebase-functions/lib/index.js\"}"}}
[debug] [2021-01-06T03:20:52.840Z] [runtime-status] [5370] firebase-admin has been stubbed. {"adminResolution":{"declared":true,"installed":true,"version":"9.4.2","resolution":"/Users/jitkoff/Dropbox/Repo/tiny.gifts/functions/node_modules/firebase-admin/lib/index.js"}} {"metadata":{"emulator":{"name":"functions"},"message":"[runtime-status] [5370] firebase-admin has been stubbed. {\"adminResolution\":{\"declared\":true,\"installed\":true,\"version\":\"9.4.2\",\"resolution\":\"/Users/jitkoff/Dropbox/Repo/tiny.gifts/functions/node_modules/firebase-admin/lib/index.js\"}}"}}
[warn] ⚠  Error: The module '/Users/jitkoff/Dropbox/Repo/tiny.gifts/functions/node_modules/canvas/build/Release/canvas.node'
was compiled against a different Node.js version using
NODE_MODULE_VERSION 83. This version of Node.js requires
NODE_MODULE_VERSION 72. Please try re-compiling or re-installing
the module (for instance, using `npm rebuild` or `npm install`).
    at Object.Module._extensions..node (internal/modules/cjs/loader.js:1186:18)
    at Module.load (internal/modules/cjs/loader.js:984:32)
    at Function.Module._load (internal/modules/cjs/loader.js:877:14)
    at Module.require (internal/modules/cjs/loader.js:1024:19)
    at Module.require (pkg/prelude/bootstrap.js:1225:31)
    at require (internal/modules/cjs/helpers.js:72:18)
    at Object.<anonymous> (/Users/jitkoff/Dropbox/Repo/tiny.gifts/functions/node_modules/canvas/lib/bindings.js:3:18)
    at Module._compile (internal/modules/cjs/loader.js:1136:30)
    at Module._compile (pkg/prelude/bootstrap.js:1281:32)
    at Object.Module._extensions..js (internal/modules/cjs/loader.js:1156:10) {"metadata":{"emulator":{"name":"functions"},"message":"Error: The module '/Users/jitkoff/Dropbox/Repo/tiny.gifts/functions/node_modules/canvas/build/Release/canvas.node'\nwas compiled against a different Node.js version using\nNODE_MODULE_VERSION 83. This version of Node.js requires\nNODE_MODULE_VERSION 72. Please try re-compiling or re-installing\nthe module (for instance, using `npm rebuild` or `npm install`).\n    at Object.Module._extensions..node (internal/modules/cjs/loader.js:1186:18)\n    at Module.load (internal/modules/cjs/loader.js:984:32)\n    at Function.Module._load (internal/modules/cjs/loader.js:877:14)\n    at Module.require (internal/modules/cjs/loader.js:1024:19)\n    at Module.require (pkg/prelude/bootstrap.js:1225:31)\n    at require (internal/modules/cjs/helpers.js:72:18)\n    at Object.<anonymous> (/Users/jitkoff/Dropbox/Repo/tiny.gifts/functions/node_modules/canvas/lib/bindings.js:3:18)\n    at Module._compile (internal/modules/cjs/loader.js:1136:30)\n    at Module._compile (pkg/prelude/bootstrap.js:1281:32)\n    at Object.Module._extensions..js (internal/modules/cjs/loader.js:1156:10)"}}
[warn] ⚠  We were unable to load your functions code. (see above) {"metadata":{"emulator":{"name":"functions"}}}
[debug] [2021-01-06T03:20:54.191Z] [worker-~diagnostic~-976ac77d-2acc-43be-88a1-a2bfdb023427]: exited {"metadata":{"emulator":{"name":"functions"},"message":"[worker-~diagnostic~-976ac77d-2acc-43be-88a1-a2bfdb023427]: exited"}}
[debug] [2021-01-06T03:20:54.191Z] [worker-~diagnostic~-976ac77d-2acc-43be-88a1-a2bfdb023427]: FINISHED {"metadata":{"emulator":{"name":"functions"},"message":"[worker-~diagnostic~-976ac77d-2acc-43be-88a1-a2bfdb023427]: FINISHED"}}
[debug] [2021-01-06T03:23:30.784Z] ----------------------------------------------------------------------
[debug] [2021-01-06T03:23:30.785Z] Command:       /usr/local/bin/firebase /Users/jitkoff/.cache/firebase/tools/lib/node_modules/firebase-tools/lib/bin/firebase serve
[debug] [2021-01-06T03:23:30.785Z] CLI Version:   9.1.0
[debug] [2021-01-06T03:23:30.785Z] Platform:      darwin
[debug] [2021-01-06T03:23:30.785Z] Node Version:  v12.18.1
[debug] [2021-01-06T03:23:30.787Z] Time:          Tue Jan 05 2021 19:23:30 GMT-0800 (Pacific Standard Time)
[debug] [2021-01-06T03:23:30.787Z] ----------------------------------------------------------------------
[debug] [2021-01-06T03:23:30.787Z] 
[debug] [2021-01-06T03:23:30.793Z] > command requires scopes: ["email","openid","https://www.googleapis.com/auth/cloudplatformprojects.readonly","https://www.googleapis.com/auth/firebase","https://www.googleapis.com/auth/cloud-platform"]
[debug] [2021-01-06T03:23:30.794Z] > authorizing via signed-in user
[debug] [2021-01-06T03:23:30.794Z] [iam] checking project puzzlebox-app for permissions ["firebase.projects.get"]
[debug] [2021-01-06T03:23:30.797Z] >>> HTTP REQUEST POST https://cloudresourcemanager.googleapis.com/v1/projects/puzzlebox-app:testIamPermissions  
 {"permissions":["firebase.projects.get"]}
[debug] [2021-01-06T03:23:30.919Z] <<< HTTP RESPONSE 200 {"content-type":"application/json; charset=UTF-8","vary":"X-Origin, Referer, Origin,Accept-Encoding","date":"Wed, 06 Jan 2021 03:23:30 GMT","server":"ESF","cache-control":"private","x-xss-protection":"0","x-frame-options":"SAMEORIGIN","x-content-type-options":"nosniff","server-timing":"gfet4t7; dur=47","alt-svc":"h3-29=\":443\"; ma=2592000,h3-T051=\":443\"; ma=2592000,h3-Q050=\":443\"; ma=2592000,h3-Q046=\":443\"; ma=2592000,h3-Q043=\":443\"; ma=2592000,quic=\":443\"; ma=2592000; v=\"46,43\"","accept-ranges":"none","transfer-encoding":"chunked"}
[debug] [2021-01-06T03:23:30.921Z] >>> HTTP REQUEST GET https://firebase.googleapis.com/v1beta1/projects/puzzlebox-app  
 
[debug] [2021-01-06T03:23:31.069Z] <<< HTTP RESPONSE 200 {"content-type":"application/json; charset=UTF-8","vary":"X-Origin, Referer, Origin,Accept-Encoding","date":"Wed, 06 Jan 2021 03:23:31 GMT","server":"ESF","cache-control":"private","x-xss-protection":"0","x-frame-options":"SAMEORIGIN","x-content-type-options":"nosniff","alt-svc":"h3-29=\":443\"; ma=2592000,h3-T051=\":443\"; ma=2592000,h3-Q050=\":443\"; ma=2592000,h3-Q046=\":443\"; ma=2592000,h3-Q043=\":443\"; ma=2592000,quic=\":443\"; ma=2592000; v=\"46,43\"","accept-ranges":"none","transfer-encoding":"chunked"}
[info] 
[info] === Serving from '/Users/jitkoff/Dropbox/Repo/tiny.gifts'...
[info] 
[debug] [2021-01-06T03:23:31.077Z] >>> HTTP REQUEST GET https://firebase.googleapis.com/v1beta1/projects/puzzlebox-app/webApps/-/config  
 
[info] ✔  functions: Using node@12 from host. {"metadata":{"emulator":{"name":"functions"},"message":"Using node@12 from host."}}
[debug] [2021-01-06T03:23:31.106Z] defaultcredentials: writing to file /Users/jitkoff/.config/firebase/nicholas_jitkoff_com_application_default_credentials.json
[debug] [2021-01-06T03:23:31.109Z] Setting GAC to /Users/jitkoff/.config/firebase/nicholas_jitkoff_com_application_default_credentials.json {"metadata":{"emulator":{"name":"functions"},"message":"Setting GAC to /Users/jitkoff/.config/firebase/nicholas_jitkoff_com_application_default_credentials.json"}}
[debug] [2021-01-06T03:23:31.418Z] <<< HTTP RESPONSE 200 {"content-type":"application/json; charset=UTF-8","vary":"X-Origin, Referer, Origin,Accept-Encoding","date":"Wed, 06 Jan 2021 03:23:31 GMT","server":"ESF","cache-control":"private","x-xss-protection":"0","x-frame-options":"SAMEORIGIN","x-content-type-options":"nosniff","alt-svc":"h3-29=\":443\"; ma=2592000,h3-T051=\":443\"; ma=2592000,h3-Q050=\":443\"; ma=2592000,h3-Q046=\":443\"; ma=2592000,h3-Q043=\":443\"; ma=2592000,quic=\":443\"; ma=2592000; v=\"46,43\"","accept-ranges":"none","transfer-encoding":"chunked"}
[info] i  functions: Watching "/Users/jitkoff/Dropbox/Repo/tiny.gifts/functions" for Cloud Functions... {"metadata":{"emulator":{"name":"functions"},"message":"Watching \"/Users/jitkoff/Dropbox/Repo/tiny.gifts/functions\" for Cloud Functions..."}}
[debug] [2021-01-06T03:23:31.497Z] [worker-pool] addWorker(~diagnostic~) {"metadata":{"emulator":{"name":"functions"},"message":"[worker-pool] addWorker(~diagnostic~)"}}
[debug] [2021-01-06T03:23:31.497Z] [worker-pool] Adding worker with key ~diagnostic~, total=1 {"metadata":{"emulator":{"name":"functions"},"message":"[worker-pool] Adding worker with key ~diagnostic~, total=1"}}
[debug] [2021-01-06T03:23:31.497Z] [worker-pool] submitWork(triggerId=) {"metadata":{"emulator":{"name":"functions"},"message":"[worker-pool] submitWork(triggerId=)"}}
[debug] [2021-01-06T03:23:31.498Z] [worker-~diagnostic~-61d8524f-f830-4799-848f-1820603a0368]: Assigning socketPath: /var/folders/sx/423d1jbn7g9fn5n_ljw212q80000gn/T/fire_emu_5428.sock {"metadata":{"emulator":{"name":"functions"},"message":"[worker-~diagnostic~-61d8524f-f830-4799-848f-1820603a0368]: Assigning socketPath: /var/folders/sx/423d1jbn7g9fn5n_ljw212q80000gn/T/fire_emu_5428.sock"}}
[debug] [2021-01-06T03:23:31.498Z] [worker-~diagnostic~-61d8524f-f830-4799-848f-1820603a0368]: BUSY {"metadata":{"emulator":{"name":"functions"},"message":"[worker-~diagnostic~-61d8524f-f830-4799-848f-1820603a0368]: BUSY"}}
[info] i  hosting: Serving hosting files from: public {"metadata":{"emulator":{"name":"hosting"},"message":"Serving hosting files from: \u001b[1mpublic\u001b[22m"}}
[info] ✔  hosting: Local server: http://localhost:5000 {"metadata":{"emulator":{"name":"hosting"},"message":"Local server: \u001b[4m\u001b[1mhttp://localhost:5000\u001b[22m\u001b[24m"}}
[debug] [2021-01-06T03:23:31.665Z] [runtime-status] [5428] Functions runtime initialized. {"cwd":"/Users/jitkoff/Dropbox/Repo/tiny.gifts/functions","node_version":"12.18.1"} {"metadata":{"emulator":{"name":"functions"},"message":"[runtime-status] [5428] Functions runtime initialized. {\"cwd\":\"/Users/jitkoff/Dropbox/Repo/tiny.gifts/functions\",\"node_version\":\"12.18.1\"}"}}
[debug] [2021-01-06T03:23:31.666Z] [runtime-status] [5428] Disabled runtime features: undefined {"metadata":{"emulator":{"name":"functions"},"message":"[runtime-status] [5428] Disabled runtime features: undefined"}}
[debug] [2021-01-06T03:23:31.667Z] [runtime-status] [5428] Resolved module firebase-admin {"declared":true,"installed":true,"version":"9.4.2","resolution":"/Users/jitkoff/Dropbox/Repo/tiny.gifts/functions/node_modules/firebase-admin/lib/index.js"} {"metadata":{"emulator":{"name":"functions"},"message":"[runtime-status] [5428] Resolved module firebase-admin {\"declared\":true,\"installed\":true,\"version\":\"9.4.2\",\"resolution\":\"/Users/jitkoff/Dropbox/Repo/tiny.gifts/functions/node_modules/firebase-admin/lib/index.js\"}"}}
[debug] [2021-01-06T03:23:31.668Z] [runtime-status] [5428] Resolved module firebase-functions {"declared":true,"installed":true,"version":"3.13.0","resolution":"/Users/jitkoff/Dropbox/Repo/tiny.gifts/functions/node_modules/firebase-functions/lib/index.js"} {"metadata":{"emulator":{"name":"functions"},"message":"[runtime-status] [5428] Resolved module firebase-functions {\"declared\":true,\"installed\":true,\"version\":\"3.13.0\",\"resolution\":\"/Users/jitkoff/Dropbox/Repo/tiny.gifts/functions/node_modules/firebase-functions/lib/index.js\"}"}}
[debug] [2021-01-06T03:23:31.668Z] [runtime-status] [5428] Resolved module firebase-functions {"declared":true,"installed":true,"version":"3.13.0","resolution":"/Users/jitkoff/Dropbox/Repo/tiny.gifts/functions/node_modules/firebase-functions/lib/index.js"} {"metadata":{"emulator":{"name":"functions"},"message":"[runtime-status] [5428] Resolved module firebase-functions {\"declared\":true,\"installed\":true,\"version\":\"3.13.0\",\"resolution\":\"/Users/jitkoff/Dropbox/Repo/tiny.gifts/functions/node_modules/firebase-functions/lib/index.js\"}"}}
[debug] [2021-01-06T03:23:31.669Z] [runtime-status] [5428] Outgoing network have been stubbed. [{"name":"http","status":"mocked"},{"name":"http","status":"mocked"},{"name":"https","status":"mocked"},{"name":"https","status":"mocked"},{"name":"net","status":"mocked"}] {"metadata":{"emulator":{"name":"functions"},"message":"[runtime-status] [5428] Outgoing network have been stubbed. [{\"name\":\"http\",\"status\":\"mocked\"},{\"name\":\"http\",\"status\":\"mocked\"},{\"name\":\"https\",\"status\":\"mocked\"},{\"name\":\"https\",\"status\":\"mocked\"},{\"name\":\"net\",\"status\":\"mocked\"}]"}}
[debug] [2021-01-06T03:23:31.669Z] [runtime-status] [5428] Resolved module firebase-functions {"declared":true,"installed":true,"version":"3.13.0","resolution":"/Users/jitkoff/Dropbox/Repo/tiny.gifts/functions/node_modules/firebase-functions/lib/index.js"} {"metadata":{"emulator":{"name":"functions"},"message":"[runtime-status] [5428] Resolved module firebase-functions {\"declared\":true,\"installed\":true,\"version\":\"3.13.0\",\"resolution\":\"/Users/jitkoff/Dropbox/Repo/tiny.gifts/functions/node_modules/firebase-functions/lib/index.js\"}"}}
[debug] [2021-01-06T03:23:31.701Z] [runtime-status] [5428] Checked functions.config() {"config":{}} {"metadata":{"emulator":{"name":"functions"},"message":"[runtime-status] [5428] Checked functions.config() {\"config\":{}}"}}
[debug] [2021-01-06T03:23:31.702Z] [runtime-status] [5428] firebase-functions has been stubbed. {"functionsResolution":{"declared":true,"installed":true,"version":"3.13.0","resolution":"/Users/jitkoff/Dropbox/Repo/tiny.gifts/functions/node_modules/firebase-functions/lib/index.js"}} {"metadata":{"emulator":{"name":"functions"},"message":"[runtime-status] [5428] firebase-functions has been stubbed. {\"functionsResolution\":{\"declared\":true,\"installed\":true,\"version\":\"3.13.0\",\"resolution\":\"/Users/jitkoff/Dropbox/Repo/tiny.gifts/functions/node_modules/firebase-functions/lib/index.js\"}}"}}
[debug] [2021-01-06T03:23:31.702Z] [runtime-status] [5428] Resolved module firebase-functions {"declared":true,"installed":true,"version":"3.13.0","resolution":"/Users/jitkoff/Dropbox/Repo/tiny.gifts/functions/node_modules/firebase-functions/lib/index.js"} {"metadata":{"emulator":{"name":"functions"},"message":"[runtime-status] [5428] Resolved module firebase-functions {\"declared\":true,\"installed\":true,\"version\":\"3.13.0\",\"resolution\":\"/Users/jitkoff/Dropbox/Repo/tiny.gifts/functions/node_modules/firebase-functions/lib/index.js\"}"}}
[debug] [2021-01-06T03:23:31.702Z] [runtime-status] [5428] Resolved module firebase-admin {"declared":true,"installed":true,"version":"9.4.2","resolution":"/Users/jitkoff/Dropbox/Repo/tiny.gifts/functions/node_modules/firebase-admin/lib/index.js"} {"metadata":{"emulator":{"name":"functions"},"message":"[runtime-status] [5428] Resolved module firebase-admin {\"declared\":true,\"installed\":true,\"version\":\"9.4.2\",\"resolution\":\"/Users/jitkoff/Dropbox/Repo/tiny.gifts/functions/node_modules/firebase-admin/lib/index.js\"}"}}
[debug] [2021-01-06T03:23:31.702Z] [runtime-status] [5428] Resolved module firebase-functions {"declared":true,"installed":true,"version":"3.13.0","resolution":"/Users/jitkoff/Dropbox/Repo/tiny.gifts/functions/node_modules/firebase-functions/lib/index.js"} {"metadata":{"emulator":{"name":"functions"},"message":"[runtime-status] [5428] Resolved module firebase-functions {\"declared\":true,\"installed\":true,\"version\":\"3.13.0\",\"resolution\":\"/Users/jitkoff/Dropbox/Repo/tiny.gifts/functions/node_modules/firebase-functions/lib/index.js\"}"}}
[debug] [2021-01-06T03:23:31.702Z] [runtime-status] [5428] firebase-admin has been stubbed. {"adminResolution":{"declared":true,"installed":true,"version":"9.4.2","resolution":"/Users/jitkoff/Dropbox/Repo/tiny.gifts/functions/node_modules/firebase-admin/lib/index.js"}} {"metadata":{"emulator":{"name":"functions"},"message":"[runtime-status] [5428] firebase-admin has been stubbed. {\"adminResolution\":{\"declared\":true,\"installed\":true,\"version\":\"9.4.2\",\"resolution\":\"/Users/jitkoff/Dropbox/Repo/tiny.gifts/functions/node_modules/firebase-admin/lib/index.js\"}}"}}
[warn] ⚠  Error: The module '/Users/jitkoff/Dropbox/Repo/tiny.gifts/functions/node_modules/canvas/build/Release/canvas.node'
was compiled against a different Node.js version using
NODE_MODULE_VERSION 83. This version of Node.js requires
NODE_MODULE_VERSION 72. Please try re-compiling or re-installing
the module (for instance, using `npm rebuild` or `npm install`).
    at Object.Module._extensions..node (internal/modules/cjs/loader.js:1186:18)
    at Module.load (internal/modules/cjs/loader.js:984:32)
    at Function.Module._load (internal/modules/cjs/loader.js:877:14)
    at Module.require (internal/modules/cjs/loader.js:1024:19)
    at Module.require (pkg/prelude/bootstrap.js:1225:31)
    at require (internal/modules/cjs/helpers.js:72:18)
    at Object.<anonymous> (/Users/jitkoff/Dropbox/Repo/tiny.gifts/functions/node_modules/canvas/lib/bindings.js:3:18)
    at Module._compile (internal/modules/cjs/loader.js:1136:30)
    at Module._compile (pkg/prelude/bootstrap.js:1281:32)
    at Object.Module._extensions..js (internal/modules/cjs/loader.js:1156:10) {"metadata":{"emulator":{"name":"functions"},"message":"Error: The module '/Users/jitkoff/Dropbox/Repo/tiny.gifts/functions/node_modules/canvas/build/Release/canvas.node'\nwas compiled against a different Node.js version using\nNODE_MODULE_VERSION 83. This version of Node.js requires\nNODE_MODULE_VERSION 72. Please try re-compiling or re-installing\nthe module (for instance, using `npm rebuild` or `npm install`).\n    at Object.Module._extensions..node (internal/modules/cjs/loader.js:1186:18)\n    at Module.load (internal/modules/cjs/loader.js:984:32)\n    at Function.Module._load (internal/modules/cjs/loader.js:877:14)\n    at Module.require (internal/modules/cjs/loader.js:1024:19)\n    at Module.require (pkg/prelude/bootstrap.js:1225:31)\n    at require (internal/modules/cjs/helpers.js:72:18)\n    at Object.<anonymous> (/Users/jitkoff/Dropbox/Repo/tiny.gifts/functions/node_modules/canvas/lib/bindings.js:3:18)\n    at Module._compile (internal/modules/cjs/loader.js:1136:30)\n    at Module._compile (pkg/prelude/bootstrap.js:1281:32)\n    at Object.Module._extensions..js (internal/modules/cjs/loader.js:1156:10)"}}
[warn] ⚠  We were unable to load your functions code. (see above) {"metadata":{"emulator":{"name":"functions"}}}
[debug] [2021-01-06T03:23:31.825Z] [worker-~diagnostic~-61d8524f-f830-4799-848f-1820603a0368]: exited {"metadata":{"emulator":{"name":"functions"},"message":"[worker-~diagnostic~-61d8524f-f830-4799-848f-1820603a0368]: exited"}}
[debug] [2021-01-06T03:23:31.825Z] [worker-~diagnostic~-61d8524f-f830-4799-848f-1820603a0368]: FINISHED {"metadata":{"emulator":{"name":"functions"},"message":"[worker-~diagnostic~-61d8524f-f830-4799-848f-1820603a0368]: FINISHED"}}
